devkitadv-r5-beta-3/arm-agb-elf/include/sys/agb-hooks.h
devkitadv-r5-beta-3/arm-agb-elf/include/sys/asm-macros.h
devkitadv-r5-beta-3/arm-agb-elf/include/xframe.h
devkitadv-r5-beta-3/arm-agb-elf/lib/interwork/libxframe.a
devkitadv-r5-beta-3/arm-agb-elf/lib/libxframe.a
devkitadv-r5-beta-3/arm-agb-elf/lib/thumb/interwork/libxframe.a
devkitadv-r5-beta-3/arm-agb-elf/lib/thumb/libxframe.a
devkitadv-r5-beta-3/bin/agb-crtenv
devkitadv-r5-beta-3/bin/agb-crtenv.bat
devkitadv-r5-beta-3/bin/bin2o
devkitadv-r5-beta-3/bin/bin2o.bat
devkitadv-r5-beta-3/bin/interflip.exe
devkitadv-r5-beta-3/bin/mklinkstub.exe
devkitadv-r5-beta-3/cmd-rc.bat
devkitadv-r5-beta-3/crtls/access.c
devkitadv-r5-beta-3/crtls/agb-abort.c
devkitadv-r5-beta-3/crtls/agb-alarm.c
devkitadv-r5-beta-3/crtls/agb-close.c
devkitadv-r5-beta-3/crtls/agb-exit.c
devkitadv-r5-beta-3/crtls/agb-file-hooks.c
devkitadv-r5-beta-3/crtls/agb-filesystem-hooks.c
devkitadv-r5-beta-3/crtls/agb-fstat.c
devkitadv-r5-beta-3/crtls/agb-getpid.c
devkitadv-r5-beta-3/crtls/agb-gettimeofday.c
devkitadv-r5-beta-3/crtls/agb-hooks.h
devkitadv-r5-beta-3/crtls/agb-isatty.c
devkitadv-r5-beta-3/crtls/agb-kill.c
devkitadv-r5-beta-3/crtls/agb-link.c
devkitadv-r5-beta-3/crtls/agb-lseek.c
devkitadv-r5-beta-3/crtls/agb-open.c
devkitadv-r5-beta-3/crtls/agb-raise.c
devkitadv-r5-beta-3/crtls/agb-read.c
devkitadv-r5-beta-3/crtls/agb-rename.c
devkitadv-r5-beta-3/crtls/agb-sbrk.c
devkitadv-r5-beta-3/crtls/agb-stat.c
devkitadv-r5-beta-3/crtls/agb-system.c
devkitadv-r5-beta-3/crtls/agb-times.c
devkitadv-r5-beta-3/crtls/agb-unlink.c
devkitadv-r5-beta-3/crtls/agb-write.c
devkitadv-r5-beta-3/crtls/agbmain.c
devkitadv-r5-beta-3/crtls/asm-macros.h
devkitadv-r5-beta-3/crtls/config-crt0.h
devkitadv-r5-beta-3/crtls/config-isr.h
devkitadv-r5-beta-3/crtls/crt0.S
devkitadv-r5-beta-3/crtls/hooks-internal.h
devkitadv-r5-beta-3/crtls/isr.S
devkitadv-r5-beta-3/crtls/lnkscript
devkitadv-r5-beta-3/crtls/Makefile
devkitadv-r5-beta-3/crtls/setjmp.S
devkitadv-r5-beta-3/DevKit-Advance-R5-Beta-3.lnk
devkitadv-r5-beta-3/doc/Credits.txt
devkitadv-r5-beta-3/doc/crtls.txt
devkitadv-r5-beta-3/doc/example.txt
devkitadv-r5-beta-3/doc/License.txt
devkitadv-r5-beta-3/doc/Nintendo-Logo.txt
devkitadv-r5-beta-3/doc/testsuite.txt
devkitadv-r5-beta-3/example/Makefile
devkitadv-r5-beta-3/example/xframe/font-fixedsys.c
devkitadv-r5-beta-3/example/xframe/include/internal.h
devkitadv-r5-beta-3/example/xframe/include/xframe.h
devkitadv-r5-beta-3/example/xframe/Makefile
devkitadv-r5-beta-3/example/xframe/tty.c
devkitadv-r5-beta-3/ICONS.TXT
devkitadv-r5-beta-3/make.exe
devkitadv-r5-beta-3/README.TXT
devkitadv-r5-beta-3/sp-black.ico
devkitadv-r5-beta-3/sp-cobalt.ico
devkitadv-r5-beta-3/sp-platinum.ico
devkitadv-r5-beta-3/testsuite/AgbMain.c
devkitadv-r5-beta-3/testsuite/Makefile
devkitadv-r5-beta-3/tools/cat.exe
devkitadv-r5-beta-3/tools/cp.exe
devkitadv-r5-beta-3/tools/ls.exe
devkitadv-r5-beta-3/tools/mkdir.exe
devkitadv-r5-beta-3/tools/msys-1.0.dll
devkitadv-r5-beta-3/tools/mv.exe
devkitadv-r5-beta-3/tools/rm.exe
devkitadv-r5-beta-3/tools/sh.exe
devkitadv-r5-beta-3/tools/touch.exe
devkitadv-r5-beta-3/user.bat
devkitadv-r5-beta-3/core.lst
devkitadv-r5-beta-3/doc/COPYING-DEVKITADV.txt
devkitadv-r5-beta-3/doc/COPYING-MSYS.txt
devkitadv-r5-beta-3/doc/COPYING-INTERFLIP.txt
