devkitadv-r5-beta-3/arm-agb-elf/include/_ansi.h
devkitadv-r5-beta-3/arm-agb-elf/include/_syslist.h
devkitadv-r5-beta-3/arm-agb-elf/include/alloca.h
devkitadv-r5-beta-3/arm-agb-elf/include/ar.h
devkitadv-r5-beta-3/arm-agb-elf/include/argz.h
devkitadv-r5-beta-3/arm-agb-elf/include/assert.h
devkitadv-r5-beta-3/arm-agb-elf/include/ctype.h
devkitadv-r5-beta-3/arm-agb-elf/include/dirent.h
devkitadv-r5-beta-3/arm-agb-elf/include/envz.h
devkitadv-r5-beta-3/arm-agb-elf/include/errno.h
devkitadv-r5-beta-3/arm-agb-elf/include/fastmath.h
devkitadv-r5-beta-3/arm-agb-elf/include/fcntl.h
devkitadv-r5-beta-3/arm-agb-elf/include/grp.h
devkitadv-r5-beta-3/arm-agb-elf/include/ieeefp.h
devkitadv-r5-beta-3/arm-agb-elf/include/langinfo.h
devkitadv-r5-beta-3/arm-agb-elf/include/limits.h
devkitadv-r5-beta-3/arm-agb-elf/include/locale.h
devkitadv-r5-beta-3/arm-agb-elf/include/machine/ansi.h
devkitadv-r5-beta-3/arm-agb-elf/include/machine/fastmath.h
devkitadv-r5-beta-3/arm-agb-elf/include/machine/ieeefp.h
devkitadv-r5-beta-3/arm-agb-elf/include/machine/malloc.h
devkitadv-r5-beta-3/arm-agb-elf/include/machine/setjmp-dj.h
devkitadv-r5-beta-3/arm-agb-elf/include/machine/setjmp.h
devkitadv-r5-beta-3/arm-agb-elf/include/machine/stdlib.h
devkitadv-r5-beta-3/arm-agb-elf/include/machine/termios.h
devkitadv-r5-beta-3/arm-agb-elf/include/machine/time.h
devkitadv-r5-beta-3/arm-agb-elf/include/machine/types.h
devkitadv-r5-beta-3/arm-agb-elf/include/malloc.h
devkitadv-r5-beta-3/arm-agb-elf/include/math.h
devkitadv-r5-beta-3/arm-agb-elf/include/newlib.h
devkitadv-r5-beta-3/arm-agb-elf/include/paths.h
devkitadv-r5-beta-3/arm-agb-elf/include/process.h
devkitadv-r5-beta-3/arm-agb-elf/include/pthread.h
devkitadv-r5-beta-3/arm-agb-elf/include/pwd.h
devkitadv-r5-beta-3/arm-agb-elf/include/reent.h
devkitadv-r5-beta-3/arm-agb-elf/include/regdef.h
devkitadv-r5-beta-3/arm-agb-elf/include/search.h
devkitadv-r5-beta-3/arm-agb-elf/include/setjmp.h
devkitadv-r5-beta-3/arm-agb-elf/include/signal.h
devkitadv-r5-beta-3/arm-agb-elf/include/stdio.h
devkitadv-r5-beta-3/arm-agb-elf/include/stdlib.h
devkitadv-r5-beta-3/arm-agb-elf/include/string.h
devkitadv-r5-beta-3/arm-agb-elf/include/sys/_types.h
devkitadv-r5-beta-3/arm-agb-elf/include/sys/cdefs.h
devkitadv-r5-beta-3/arm-agb-elf/include/sys/config.h
devkitadv-r5-beta-3/arm-agb-elf/include/sys/dirent.h
devkitadv-r5-beta-3/arm-agb-elf/include/sys/errno.h
devkitadv-r5-beta-3/arm-agb-elf/include/sys/fcntl.h
devkitadv-r5-beta-3/arm-agb-elf/include/sys/features.h
devkitadv-r5-beta-3/arm-agb-elf/include/sys/file.h
devkitadv-r5-beta-3/arm-agb-elf/include/sys/lock.h
devkitadv-r5-beta-3/arm-agb-elf/include/sys/param.h
devkitadv-r5-beta-3/arm-agb-elf/include/sys/queue.h
devkitadv-r5-beta-3/arm-agb-elf/include/sys/reent.h
devkitadv-r5-beta-3/arm-agb-elf/include/sys/resource.h
devkitadv-r5-beta-3/arm-agb-elf/include/sys/sched.h
devkitadv-r5-beta-3/arm-agb-elf/include/sys/signal.h
devkitadv-r5-beta-3/arm-agb-elf/include/sys/stat-dj.h
devkitadv-r5-beta-3/arm-agb-elf/include/sys/stat.h
devkitadv-r5-beta-3/arm-agb-elf/include/sys/stdio.h
devkitadv-r5-beta-3/arm-agb-elf/include/sys/syslimits.h
devkitadv-r5-beta-3/arm-agb-elf/include/sys/time.h
devkitadv-r5-beta-3/arm-agb-elf/include/sys/timeb.h
devkitadv-r5-beta-3/arm-agb-elf/include/sys/times.h
devkitadv-r5-beta-3/arm-agb-elf/include/sys/types.h
devkitadv-r5-beta-3/arm-agb-elf/include/sys/unistd.h
devkitadv-r5-beta-3/arm-agb-elf/include/sys/utime.h
devkitadv-r5-beta-3/arm-agb-elf/include/sys/wait.h
devkitadv-r5-beta-3/arm-agb-elf/include/termios.h
devkitadv-r5-beta-3/arm-agb-elf/include/time.h
devkitadv-r5-beta-3/arm-agb-elf/include/unctrl.h
devkitadv-r5-beta-3/arm-agb-elf/include/unistd.h
devkitadv-r5-beta-3/arm-agb-elf/include/utime.h
devkitadv-r5-beta-3/arm-agb-elf/include/utmp.h
devkitadv-r5-beta-3/arm-agb-elf/include/wchar.h
devkitadv-r5-beta-3/arm-agb-elf/include/wctype.h
devkitadv-r5-beta-3/arm-agb-elf/lib/crt0.o
devkitadv-r5-beta-3/arm-agb-elf/lib/interwork/crt0.o
devkitadv-r5-beta-3/arm-agb-elf/lib/interwork/libc.a
devkitadv-r5-beta-3/arm-agb-elf/lib/interwork/libg.a
devkitadv-r5-beta-3/arm-agb-elf/lib/interwork/libm.a
devkitadv-r5-beta-3/arm-agb-elf/lib/libc.a
devkitadv-r5-beta-3/arm-agb-elf/lib/libg.a
devkitadv-r5-beta-3/arm-agb-elf/lib/libm.a
devkitadv-r5-beta-3/arm-agb-elf/lib/thumb/crt0.o
devkitadv-r5-beta-3/arm-agb-elf/lib/thumb/interwork/crt0.o
devkitadv-r5-beta-3/arm-agb-elf/lib/thumb/interwork/libc.a
devkitadv-r5-beta-3/arm-agb-elf/lib/thumb/interwork/libg.a
devkitadv-r5-beta-3/arm-agb-elf/lib/thumb/interwork/libm.a
devkitadv-r5-beta-3/arm-agb-elf/lib/thumb/libc.a
devkitadv-r5-beta-3/arm-agb-elf/lib/thumb/libg.a
devkitadv-r5-beta-3/arm-agb-elf/lib/thumb/libm.a
devkitadv-r5-beta-3/newlib.lst
devkitadv-r5-beta-3/doc/COPYING-NEWLIB.txt
